// Jest Snapshot v1, https://goo.gl/fbAQLP

exports[`<BarGraph /> Snapshot test 1`] = `
<div
  className={undefined}
>
  <div
    style={
      Object {
        "height": "100%",
        "width": "100%",
      }
    }
  />
</div>
`;
